// Jest Snapshot v1, https://goo.gl/fbAQLP

exports[`PartnerCard It renders PartnerCard 1`] = `
<DocumentFragment>
  <div
    class="light col-span-12 col-start-1 text-center block rounded-lg px-8 py-10 mb-4"
    data-testid="partner-card-element"
  >
    <img
      alt=""
      class="opacity-30"
      data-nimg="future"
      decoding="async"
      height="42"
      src="/icons/icon_user.svg"
      srcset="/icons/icon_user.svg 1x, /icons/icon_user.svg 2x"
      style="color: transparent;"
      width="42"
    />
    <div
      class="paragraph"
    >
      1
    </div>
    <h1
      class="text-xl"
    >
      Jamelia Waller
    </h1>
    <div
      class="paragraph mb-0"
    >
      11.732 km
    </div>
  </div>
</DocumentFragment>
`;
