// Jest Snapshot v1, https://goo.gl/fbAQLP

exports[`EmptyCard It renders EmptyCard 1`] = `
<DocumentFragment>
  <div
    class="light col-span-12 col-start-1 text-center block rounded-lg px-8 py-10 my-4"
    data-testid="empty-card-element"
  >
    <h1
      class="text-xl"
    >
      We could not find any partner less then 100km away!
    </h1>
  </div>
</DocumentFragment>
`;
